// Jest Snapshot v1, https://goo.gl/fbAQLP

exports[`<App /> shallow rendering matches the snapshot 1`] = `
<div
  className="App"
>
  <h1
    className="blue"
  >
    Welcome to React
  </h1>
  <button
    className="button-state"
    onClick={[Function]}
  >
    No!
  </button>
  <h2 />
  <input
    onChange={[Function]}
    type="text"
  />
</div>
`;
